>>> matrix_mul = __import__('100-matrix_mul').matrix_mul
>>> print(matrix_mul([[1, 2], [3, 4]], [[1, 2], [3, 4]]))
[[7, 10], [15, 22]]
>>> print(matrix_mul([[1, 2]], [[3, 4], [5, 6]]))
[[13, 16]]
>>> print([[1, 2]])
[[1, 2]]
>>> print([[a, 2], [3, 4]])
Traceback (most recent call last):
  File "<stdin>", line 1, in <module>
NameError: name 'a' is not defined
>>> 